MO SEG_display NULL HH_PWM.v vlg2C/_s_e_g__display.bin 1528243848
MO PWM_dual_generator NULL HH_PWM.v vlg33/_p_w_m__dual__generator.bin 1528243848
MO top_module NULL HH_PWM.v vlg2C/top__module.bin 1528243848
MO clks NULL HH_PWM.v vlg6D/clks.bin 1528243848
MO PWM_generator NULL HH_PWM.v vlg7A/_p_w_m__generator.bin 1528206654
